7f48d15ce060 a NRT_MemInfo_data
7f48d15ce090 2a NRT_decref
7f48d15ce070 12 NRT_incref
7f48d15ce000 14 nrt_atomic_add
7f48d15ce040 17 nrt_atomic_cas
7f48d15ce020 16 nrt_atomic_sub
7f48d15c5000 5117 linkcell.getBoxFromTuple$1.pyobject.pyobject.pyobject.pyobject
7f48d15ca120 168 wrapper.linkcell.getBoxFromTuple$1.pyobject.pyobject.pyobject.pyobject
7f48d15c1000 1df9 ljforce.computeForce$2.pyobject.pyobject.pyobject
7f48d15c2e00 189 wrapper.ljforce.computeForce$2.pyobject.pyobject.pyobject
7f48d15be000 1183 ljforce.computeForce.__numba__loop106__$4.pyobject.pyobject.pyobject.pyobject
7f48d15bf190 168 wrapper.ljforce.computeForce.__numba__loop106__$4.pyobject.pyobject.pyobject.pyobject
7f48d15bb000 357 linkcell.getTupleInner$5.int64.int64.array(int64,_1d,_C)
7f48d15bb360 35b wrapper.linkcell.getTupleInner$5.int64.int64.array(int64,_1d,_C)
7f48d15b9000 2ff linkcell.getBoxFromTupleInner$6.int64.int64.int64.int64.array(int64,_1d,_C)
7f48d15b9300 309 wrapper.linkcell.getBoxFromTupleInner$6.int64.int64.int64.int64.array(int64,_1d,_C)
7f48d15b7000 2f7 linkcell.getBoxFromTupleInner$6.int64.int64.int64.int64.array(int64,_1d,_C)
7f48d15b7330 3b5 linkcell.getNeighborBoxesInner$7.int64.array(int64,_1d,_C).int64.array(int64,_1d,_C)
7f48d15b7c70 357 linkcell.getTupleInner$5.int64.int64.array(int64,_1d,_C)
7f48d15b76f0 4a0 wrapper.linkcell.getNeighborBoxesInner$7.int64.array(int64,_1d,_C).int64.array(int64,_1d,_C)
7f48d14c8000 2f7 linkcell.getBoxFromTupleInner$6.int64.int64.int64.int64.array(int64,_1d,_C)
7f48d14c8330 352 linkcell.getNeighborBoxesInner$7.int64.array(int64,_1d,_C).int64.array(int64,_1d,_C)
7f48d14c86b0 357 linkcell.getTupleInner$5.int64.int64.array(int64,_1d,_C)
7f48d14c6000 84d ljforce.computeForce.__numba__loop314__$8.array(int64,_1d,_C).array(int64,_1d,_C).array(int64,_1d,_C).float64.float64.int64.float64.array(float64,_2d,_C).float64.array(int64,_1d,_C).float64.int64.int64.array(float64,_2d,_C)
7f48d14c6850 d23 wrapper.ljforce.computeForce.__numba__loop314__$8.array(int64,_1d,_C).array(int64,_1d,_C).array(int64,_1d,_C).float64.float64.int64.float64.array(float64,_2d,_C).float64.array(int64,_1d,_C).float64.int64.int64.array(float64,_2d,_C)
